2026-06-22T14:12:08Z INF Thank you for trying Cloudflare Tunnel. Doing so, without a Cloudflare account, is a quick way to experiment and try it out. However, be aware that these account-less Tunnels have no uptime guarantee, are subject to the Cloudflare Online Services Terms of Use (https://www.cloudflare.com/website-terms/), and Cloudflare reserves the right to investigate your use of Tunnels for violations of such terms. If you intend to use Tunnels in production you should use a pre-created named tunnel by following: https://developers.cloudflare.com/cloudflare-one/connections/connect-apps
2026-06-22T14:12:08Z INF Requesting new quick Tunnel on trycloudflare.com...
2026-06-22T14:12:13Z INF +--------------------------------------------------------------------------------------------+
2026-06-22T14:12:13Z INF |  Your quick Tunnel has been created! Visit it at (it may take some time to be reachable):  |
2026-06-22T14:12:13Z INF |  https://ribbon-router-navigate-riding.trycloudflare.com                                   |
2026-06-22T14:12:13Z INF +--------------------------------------------------------------------------------------------+
2026-06-22T14:12:13Z INF Cannot determine default configuration path. No file [config.yml config.yaml] in [~/.cloudflared ~/.cloudflare-warp ~/cloudflare-warp]
2026-06-22T14:12:13Z INF Version 2026.5.2 (Checksum 20b9638f685333d623798e733effbad2487093f15ba592f6c7752360ff3b7ab7)
2026-06-22T14:12:13Z INF GOOS: windows, GOVersion: go1.26.3, GoArch: amd64
2026-06-22T14:12:13Z INF Settings: map[ha-connections:1 protocol:quic url:http://localhost:8081]
2026-06-22T14:12:13Z INF cloudflared will not automatically update on Windows systems.
2026-06-22T14:12:13Z INF Generated Connector ID: 611e727c-c1bb-4880-be01-0fcafb6c5f0f
2026-06-22T14:12:13Z INF Initial protocol quic
2026-06-22T14:12:13Z INF ICMP proxy will use 192.168.0.119 as source for IPv4
2026-06-22T14:12:13Z INF ICMP proxy will use fe80::844b:8652:8aa3:9c34 in zone Wi-Fi as source for IPv6
2026-06-22T14:12:13Z INF cloudflared does not support loading the system root certificate pool on Windows. Please use --origin-ca-pool <PATH> to specify the path to the certificate pool
2026-06-22T14:12:13Z INF ICMP proxy will use 192.168.0.119 as source for IPv4
2026-06-22T14:12:13Z INF Tunnel connection curve preferences: [X25519MLKEM768 CurveID(65074) CurveP256] connIndex=0 event=0 ip=198.41.200.113
2026-06-22T14:12:13Z INF ICMP proxy will use fe80::844b:8652:8aa3:9c34 in zone Wi-Fi as source for IPv6
2026-06-22T14:12:13Z INF Starting metrics server on 127.0.0.1:20241/metrics
2026-06-22T14:12:14Z INF +-------------------------------------------------------------------------------------+
2026-06-22T14:12:14Z INF |                               CONNECTIVITY PRE-CHECKS                               |
2026-06-22T14:12:14Z INF +-------------------------------------------------------------------------------------+
2026-06-22T14:12:14Z INF |  COMPONENT         TARGET                     STATUS  DETAILS                       |
2026-06-22T14:12:14Z INF |  DNS Resolution    region1.v2.argotunnel.com  PASS    DNS Resolved successfully     |
2026-06-22T14:12:14Z INF |  DNS Resolution    region2.v2.argotunnel.com  PASS    DNS Resolved successfully     |
2026-06-22T14:12:14Z INF |  UDP Connectivity  region1.v2.argotunnel.com  PASS    QUIC connection successful    |
2026-06-22T14:12:14Z INF |  UDP Connectivity  region2.v2.argotunnel.com  PASS    QUIC connection successful    |
2026-06-22T14:12:14Z INF |  TCP Connectivity  region1.v2.argotunnel.com  PASS    HTTP/2 connection successful  |
2026-06-22T14:12:14Z INF |  TCP Connectivity  region2.v2.argotunnel.com  PASS    HTTP/2 connection successful  |
2026-06-22T14:12:14Z INF |  Cloudflare API    api.cloudflare.com:443     PASS    API is reachable              |
2026-06-22T14:12:14Z INF |                                                                                     |
2026-06-22T14:12:14Z INF |  SUMMARY: Environment is healthy. cloudflared will use 'quic' as primary protocol.  |
2026-06-22T14:12:14Z INF +-------------------------------------------------------------------------------------+
2026-06-22T14:12:14Z INF precheck component="DNS Resolution" details="DNS Resolved successfully" run_id=95f522e2-328a-4f9c-a903-83be21211567 status=pass target=region1.v2.argotunnel.com
2026-06-22T14:12:14Z INF precheck component="DNS Resolution" details="DNS Resolved successfully" run_id=95f522e2-328a-4f9c-a903-83be21211567 status=pass target=region2.v2.argotunnel.com
2026-06-22T14:12:14Z INF precheck component="UDP Connectivity" details="QUIC connection successful" run_id=95f522e2-328a-4f9c-a903-83be21211567 status=pass target=region1.v2.argotunnel.com
2026-06-22T14:12:14Z INF precheck component="UDP Connectivity" details="QUIC connection successful" run_id=95f522e2-328a-4f9c-a903-83be21211567 status=pass target=region2.v2.argotunnel.com
2026-06-22T14:12:14Z INF precheck component="TCP Connectivity" details="HTTP/2 connection successful" run_id=95f522e2-328a-4f9c-a903-83be21211567 status=pass target=region1.v2.argotunnel.com
2026-06-22T14:12:14Z INF precheck component="TCP Connectivity" details="HTTP/2 connection successful" run_id=95f522e2-328a-4f9c-a903-83be21211567 status=pass target=region2.v2.argotunnel.com
2026-06-22T14:12:14Z INF precheck component="Cloudflare API" details="API is reachable" run_id=95f522e2-328a-4f9c-a903-83be21211567 status=pass target=api.cloudflare.com:443
2026-06-22T14:12:14Z INF precheck complete hard_fail=false run_id=95f522e2-328a-4f9c-a903-83be21211567 suggested_protocol=quic
2026-06-22T14:12:15Z INF Registered tunnel connection connIndex=0 connection=6b996cd3-794d-45a6-88bd-30458f0c8672 event=0 ip=198.41.200.113 location=mrs06 protocol=quic
