2026-06-22T14:12:14Z INF Thank you for trying Cloudflare Tunnel. Doing so, without a Cloudflare account, is a quick way to experiment and try it out. However, be aware that these account-less Tunnels have no uptime guarantee, are subject to the Cloudflare Online Services Terms of Use (https://www.cloudflare.com/website-terms/), and Cloudflare reserves the right to investigate your use of Tunnels for violations of such terms. If you intend to use Tunnels in production you should use a pre-created named tunnel by following: https://developers.cloudflare.com/cloudflare-one/connections/connect-apps
2026-06-22T14:12:14Z INF Requesting new quick Tunnel on trycloudflare.com...
2026-06-22T14:12:19Z INF +--------------------------------------------------------------------------------------------+
2026-06-22T14:12:19Z INF |  Your quick Tunnel has been created! Visit it at (it may take some time to be reachable):  |
2026-06-22T14:12:19Z INF |  https://flame-yrs-teens-copies.trycloudflare.com                                          |
2026-06-22T14:12:19Z INF +--------------------------------------------------------------------------------------------+
2026-06-22T14:12:19Z INF Cannot determine default configuration path. No file [config.yml config.yaml] in [~/.cloudflared ~/.cloudflare-warp ~/cloudflare-warp]
2026-06-22T14:12:19Z INF Version 2026.5.2 (Checksum 20b9638f685333d623798e733effbad2487093f15ba592f6c7752360ff3b7ab7)
2026-06-22T14:12:19Z INF GOOS: windows, GOVersion: go1.26.3, GoArch: amd64
2026-06-22T14:12:19Z INF Settings: map[ha-connections:1 protocol:quic url:http://localhost:8082]
2026-06-22T14:12:19Z INF cloudflared will not automatically update on Windows systems.
2026-06-22T14:12:19Z INF Generated Connector ID: 35868743-32b8-47d3-af5a-3a8f5a8a314e
2026-06-22T14:12:19Z INF Initial protocol quic
2026-06-22T14:12:19Z INF ICMP proxy will use 192.168.0.119 as source for IPv4
2026-06-22T14:12:19Z INF ICMP proxy will use fe80::844b:8652:8aa3:9c34 in zone Wi-Fi as source for IPv6
2026-06-22T14:12:19Z INF cloudflared does not support loading the system root certificate pool on Windows. Please use --origin-ca-pool <PATH> to specify the path to the certificate pool
2026-06-22T14:12:19Z INF ICMP proxy will use 192.168.0.119 as source for IPv4
2026-06-22T14:12:19Z INF Tunnel connection curve preferences: [X25519MLKEM768 CurveID(65074) CurveP256] connIndex=0 event=0 ip=198.41.192.27
2026-06-22T14:12:19Z INF ICMP proxy will use fe80::844b:8652:8aa3:9c34 in zone Wi-Fi as source for IPv6
2026-06-22T14:12:19Z INF Starting metrics server on 127.0.0.1:20242/metrics
2026-06-22T14:12:19Z INF +-------------------------------------------------------------------------------------+
2026-06-22T14:12:19Z INF |                               CONNECTIVITY PRE-CHECKS                               |
2026-06-22T14:12:19Z INF +-------------------------------------------------------------------------------------+
2026-06-22T14:12:19Z INF |  COMPONENT         TARGET                     STATUS  DETAILS                       |
2026-06-22T14:12:19Z INF |  DNS Resolution    region1.v2.argotunnel.com  PASS    DNS Resolved successfully     |
2026-06-22T14:12:19Z INF |  DNS Resolution    region2.v2.argotunnel.com  PASS    DNS Resolved successfully     |
2026-06-22T14:12:19Z INF |  UDP Connectivity  region1.v2.argotunnel.com  PASS    QUIC connection successful    |
2026-06-22T14:12:19Z INF |  UDP Connectivity  region2.v2.argotunnel.com  PASS    QUIC connection successful    |
2026-06-22T14:12:19Z INF |  TCP Connectivity  region1.v2.argotunnel.com  PASS    HTTP/2 connection successful  |
2026-06-22T14:12:19Z INF |  TCP Connectivity  region2.v2.argotunnel.com  PASS    HTTP/2 connection successful  |
2026-06-22T14:12:19Z INF |  Cloudflare API    api.cloudflare.com:443     PASS    API is reachable              |
2026-06-22T14:12:19Z INF |                                                                                     |
2026-06-22T14:12:19Z INF |  SUMMARY: Environment is healthy. cloudflared will use 'quic' as primary protocol.  |
2026-06-22T14:12:19Z INF +-------------------------------------------------------------------------------------+
2026-06-22T14:12:19Z INF precheck component="DNS Resolution" details="DNS Resolved successfully" run_id=a1dd6ea2-d9da-4d6e-874e-0969bc481059 status=pass target=region1.v2.argotunnel.com
2026-06-22T14:12:19Z INF precheck component="DNS Resolution" details="DNS Resolved successfully" run_id=a1dd6ea2-d9da-4d6e-874e-0969bc481059 status=pass target=region2.v2.argotunnel.com
2026-06-22T14:12:19Z INF precheck component="UDP Connectivity" details="QUIC connection successful" run_id=a1dd6ea2-d9da-4d6e-874e-0969bc481059 status=pass target=region1.v2.argotunnel.com
2026-06-22T14:12:19Z INF precheck component="UDP Connectivity" details="QUIC connection successful" run_id=a1dd6ea2-d9da-4d6e-874e-0969bc481059 status=pass target=region2.v2.argotunnel.com
2026-06-22T14:12:19Z INF precheck component="TCP Connectivity" details="HTTP/2 connection successful" run_id=a1dd6ea2-d9da-4d6e-874e-0969bc481059 status=pass target=region1.v2.argotunnel.com
2026-06-22T14:12:19Z INF precheck component="TCP Connectivity" details="HTTP/2 connection successful" run_id=a1dd6ea2-d9da-4d6e-874e-0969bc481059 status=pass target=region2.v2.argotunnel.com
2026-06-22T14:12:19Z INF precheck component="Cloudflare API" details="API is reachable" run_id=a1dd6ea2-d9da-4d6e-874e-0969bc481059 status=pass target=api.cloudflare.com:443
2026-06-22T14:12:19Z INF precheck complete hard_fail=false run_id=a1dd6ea2-d9da-4d6e-874e-0969bc481059 suggested_protocol=quic
2026-06-22T14:12:20Z INF Registered tunnel connection connIndex=0 connection=88bb0fdf-13e6-4e11-a694-e06ce784a765 event=0 ip=198.41.192.27 location=mrs01 protocol=quic
2026-06-22T14:19:55Z ERR  error="Incoming request ended abruptly: context canceled" connIndex=0 event=1 ingressRule=0 originService=http://localhost:8082
2026-06-22T14:19:55Z ERR Request failed error="Incoming request ended abruptly: context canceled" connIndex=0 dest=https://flame-yrs-teens-copies.trycloudflare.com/api/v1/formations?page=0&size=10 event=0 ip=198.41.192.27 type=http
2026-06-22T14:46:45Z ERR  error="Unable to reach the origin service. The service may be down or it may not be responding to traffic from cloudflared: EOF" connIndex=0 event=1 ingressRule=0 originService=http://localhost:8082
2026-06-22T14:46:45Z ERR Request failed error="Unable to reach the origin service. The service may be down or it may not be responding to traffic from cloudflared: EOF" connIndex=0 dest=https://flame-yrs-teens-copies.trycloudflare.com/api/v1/quizzes/history event=0 ip=198.41.192.27 type=http
